     1                                  bits 16
     2                                  
     3                                  ; microopt-2026-10-01 e2 / A: c090 + LES only (A,B)
     4                                  ; Base: c090 (arena-100 c090-landmine-avoidance). Engine facts used: warriors start with
     5                                  ; DI=SI=BX=CX=DX=BP=0, INT 87h never writes DI, REP MOVSW ignores flags.
     6                                  
     7                                  %define FAR_SEG  0FFCh
     8                                  %define PTR_CELL 00200h
     9                                  
    10                                  start:
    11 00000000 89C6                        mov si, ax
    12 00000002 89C3                        mov bx, ax
    13 00000004 83C33B                      add bx, zombie_entry - start
    14 00000007 891E135D                    mov [05D13h], bx
    15 0000000B C47C37                      les di, [si + arena_far - start]
    16 0000000E B8EBF9                      mov ax, 0F9EBh
    17 00000011 BACCCC                      mov dx, 0CCCCh
    18 00000014 BBFF26                      mov bx, 026FFh
    19 00000017 B9135D                      mov cx, 05D13h
    20 0000001A FD                          std
    21 0000001B CD87                        int 087h
    22 0000001D FC                          cld
    23 0000001E 89F0                        mov ax, si
    24 00000020 88E0                        mov al, ah
    25 00000022 30E4                        xor ah, ah
    26 00000024 B53C                        mov ch, 03Ch
    27 00000026 F6F5                        div ch
    28 00000028 F6E5                        mul ch
    29 0000002A 88C4                        mov ah, al
    30 0000002C 80C410                      add ah, 010h
    31 0000002F B0A2                        mov al, 0A2h
    32 00000031 81C6AD00                    add si, worker - start
    33 00000035 EB42                        jmp short phoenix_init
    34                                  
    35                                  arena_far:
    36 00000037 00000010                    dw 0, 01000h
    37                                  
    38                                  zombie_entry:
    39 0000003B 31FF                        xor di, di
    40 0000003D B8F3A5                      mov ax, 0A5F3h
    41 00000040 BA061F                      mov dx, 01F06h
    42 00000043 B3CC                        mov bl, 0CCh
    43 00000045 FD                          std
    44 00000046 CD87                        int 087h
    45 00000048 FC                          cld
    46 00000049 E80000                      call .get_ip
    47                                  
    48                                  .get_ip:
    49 0000004C 5E                          pop si
    50 0000004D 83EE4C                      sub si, .get_ip - start
    51 00000050 89F0                        mov ax, si
    52 00000052 88E0                        mov al, ah
    53 00000054 30E4                        xor ah, ah
    54 00000056 B53C                        mov ch, 03Ch
    55 00000058 F6F5                        div ch
    56 0000005A F6E5                        mul ch
    57 0000005C 88C4                        mov ah, al
    58 0000005E 80C454                      add ah, 054h
    59 00000061 B0A2                        mov al, 0A2h
    60 00000063 81C6AD00                    add si, worker - start
    61                                  
    62                                  captured_init:
    63 00000067 16                          push ss
    64 00000068 07                          pop es
    65 00000069 31FF                        xor di, di
    66 0000006B B90900                      mov cx, 9
    67 0000006E F3A5                        rep movsw
    68 00000070 16                          push ss
    69 00000071 1F                          pop ds
    70 00000072 BB8002                      mov bx, 00280h
    71 00000075 0E                          push cs
    72 00000076 17                          pop ss
    73 00000077 EB10                        jmp short phoenix_pointer_ready
    74                                  
    75                                  phoenix_init:
    76 00000079 16                          push ss
    77 0000007A 07                          pop es
    78 0000007B 31FF                        xor di, di
    79 0000007D B90900                      mov cx, 9
    80 00000080 F3A5                        rep movsw
    81 00000082 16                          push ss
    82 00000083 1F                          pop ds
    83 00000084 BB0002                      mov bx, PTR_CELL
    84 00000087 0E                          push cs
    85 00000088 17                          pop ss
    86                                  
    87                                  phoenix_pointer_ready:
    88 00000089 8907                        mov [bx], ax
    89 0000008B C74702FC0F                  mov word [bx + 2], FAR_SEG
    90 00000090 31F6                        xor si, si
    91 00000092 89C7                        mov di, ax
    92 00000094 B8FC0F                      mov ax, FAR_SEG
    93 00000097 8EC0                        mov es, ax
    94 00000099 8DA50002                    lea sp, [di + 00200h]
    95 0000009D B90800                      mov cx, 8
    96 000000A0 BA0038                      mov dx, 03800h
    97 000000A3 BD003C                      mov bp, 03C00h
    98 000000A6 B8FF1F                      mov ax, 01FFFh
    99 000000A9 AB                          stosw
   100 000000AA 4F                          dec di
   101 000000AB FF1F                        call far [bx]
   102                                  
   103                                  worker:
   104 000000AD A5                          movsw
   105 000000AE F3A5                        rep movsw
   106 000000B0 29D4                        sub sp, dx
   107 000000B2 292F                        sub [bx], bp
   108 000000B4 8B3F                        mov di, [bx]
   109 000000B6 B109                        mov cl, 9
   110 000000B8 31F6                        xor si, si
   111 000000BA AB                          stosw
   112 000000BB 4F                          dec di
   113 000000BC FF1F                        call far [bx]
