     1                                  bits 16
     2                                  
     3                                  ; microopt-2026-10-01 e2 / B: c090 + LES only (A,B)
     4                                  ; Base: c090 (arena-100 c090-landmine-avoidance). Engine facts used: warriors start with
     5                                  ; DI=SI=BX=CX=DX=BP=0, INT 87h never writes DI, REP MOVSW ignores flags.
     6                                  
     7                                  %define FAR_SEG  0FFCh
     8                                  %define PTR_CELL 00240h
     9                                  
    10                                  start:
    11 00000000 89C6                        mov si, ax
    12 00000002 C47C2D                      les di, [si + arena_far - start]
    13 00000005 B8EBF9                      mov ax, 0F9EBh
    14 00000008 BACCCC                      mov dx, 0CCCCh
    15 0000000B BBFF26                      mov bx, 026FFh
    16 0000000E B9135D                      mov cx, 05D13h
    17 00000011 FD                          std
    18 00000012 CD87                        int 087h
    19 00000014 FC                          cld
    20 00000015 89F0                        mov ax, si
    21 00000017 88E0                        mov al, ah
    22 00000019 30E4                        xor ah, ah
    23 0000001B B53C                        mov ch, 03Ch
    24 0000001D F6F5                        div ch
    25 0000001F F6E5                        mul ch
    26 00000021 88C4                        mov ah, al
    27 00000023 80C434                      add ah, 034h
    28 00000026 B0A2                        mov al, 0A2h
    29 00000028 83C665                      add si, worker - start
    30 0000002B EB04                        jmp short phoenix_init
    31                                  
    32                                  arena_far:
    33 0000002D 00000010                    dw 0, 01000h
    34                                  
    35                                  phoenix_init:
    36 00000031 16                          push ss
    37 00000032 07                          pop es
    38 00000033 31FF                        xor di, di
    39 00000035 B90900                      mov cx, 9
    40 00000038 F3A5                        rep movsw
    41 0000003A 16                          push ss
    42 0000003B 1F                          pop ds
    43 0000003C BB4002                      mov bx, PTR_CELL
    44 0000003F 0E                          push cs
    45 00000040 17                          pop ss
    46 00000041 8907                        mov [bx], ax
    47 00000043 C74702FC0F                  mov word [bx + 2], FAR_SEG
    48 00000048 31F6                        xor si, si
    49 0000004A 89C7                        mov di, ax
    50 0000004C B8FC0F                      mov ax, FAR_SEG
    51 0000004F 8EC0                        mov es, ax
    52 00000051 8DA58002                    lea sp, [di + 00280h]
    53 00000055 B90900                      mov cx, 9
    54 00000058 BA0040                      mov dx, 04000h
    55 0000005B BD0044                      mov bp, 04400h
    56 0000005E B8FF1F                      mov ax, 01FFFh
    57 00000061 AB                          stosw
    58 00000062 4F                          dec di
    59 00000063 FF1F                        call far [bx]
    60                                  
    61                                  worker:
    62 00000065 A5                          movsw
    63 00000066 F3A5                        rep movsw
    64 00000068 29D4                        sub sp, dx
    65 0000006A 292F                        sub [bx], bp
    66 0000006C 8B3F                        mov di, [bx]
    67 0000006E B109                        mov cl, 9
    68 00000070 31F6                        xor si, si
    69 00000072 AB                          stosw
    70 00000073 4F                          dec di
    71 00000074 FF1F                        call far [bx]
