START 1uUQ_fKFwafvbmew5nn8fn-31JLqNzriC.mp4 duration=9408.9s chunks=11
SKIP chunk 1/11 0.0-900.0
SKIP chunk 2/11 900.0-1800.0
CHUNK 3/11 1800.0-2700.0
DONE chunk 3/11 elapsed=1214.0s segments=108
CHUNK 4/11 2700.0-3600.0
DONE chunk 4/11 elapsed=472.9s segments=300
CHUNK 5/11 3600.0-4500.0
DONE chunk 5/11 elapsed=441.0s segments=251
CHUNK 6/11 4500.0-5400.0
DONE chunk 6/11 elapsed=2355.4s segments=380
CHUNK 7/11 5400.0-6300.0
DONE chunk 7/11 elapsed=450.8s segments=345
CHUNK 8/11 6300.0-7200.0
DONE chunk 8/11 elapsed=745.1s segments=401
CHUNK 9/11 7200.0-8100.0
DONE chunk 9/11 elapsed=498.4s segments=242
CHUNK 10/11 8100.0-9000.0
DONE chunk 10/11 elapsed=387.8s segments=223
CHUNK 11/11 9000.0-9408.9
DONE chunk 11/11 elapsed=444.0s segments=130
DONE 1uUQ_fKFwafvbmew5nn8fn-31JLqNzriC.mp4 media=9408.9s elapsed=8122.9s segments=2936
START 1MK8Ro-dygnanTt9RJJ05z37QpRQOetTH.mp4 duration=7425.5s chunks=9
SKIP chunk 1/9 0.0-900.0
SKIP chunk 2/9 900.0-1800.0
SKIP chunk 3/9 1800.0-2700.0
SKIP chunk 4/9 2700.0-3600.0
SKIP chunk 5/9 3600.0-4500.0
SKIP chunk 6/9 4500.0-5400.0
CHUNK 7/9 5400.0-6300.0
