START 1waEAQoBa8FlzUAddBbTOlS9qKsEu_QzK.mp4 duration=8485.5s chunks=10
SKIP chunk 1/10 0.0-900.0
SKIP chunk 2/10 900.0-1800.0
CHUNK 3/10 1800.0-2700.0
DONE chunk 3/10 elapsed=1092.3s segments=327
CHUNK 4/10 2700.0-3600.0
DONE chunk 4/10 elapsed=429.1s segments=310
CHUNK 5/10 3600.0-4500.0
DONE chunk 5/10 elapsed=477.7s segments=447
CHUNK 6/10 4500.0-5400.0
DONE chunk 6/10 elapsed=2401.2s segments=449
CHUNK 7/10 5400.0-6300.0
DONE chunk 7/10 elapsed=446.8s segments=373
CHUNK 8/10 6300.0-7200.0
DONE chunk 8/10 elapsed=855.3s segments=345
CHUNK 9/10 7200.0-8100.0
DONE chunk 9/10 elapsed=426.5s segments=258
CHUNK 10/10 8100.0-8485.5
DONE chunk 10/10 elapsed=176.7s segments=98
DONE 1waEAQoBa8FlzUAddBbTOlS9qKsEu_QzK.mp4 media=8485.5s elapsed=7448.1s segments=3290
