     1                                  bits 16
     2                                  
     3                                  ; microopt-2026-10-01 z2 / A: captured zombies: own address from [05D13h] instead of call/pop/sub/mov (-2 rounds)
     4                                  ; Base: c090. Only code that captured zombies execute changes (zombie_entry..captured_init).
     5                                  
     6                                  %define FAR_SEG  0FFCh
     7                                  %define PTR_CELL 00200h
     8                                  
     9                                  start:
    10 00000000 89C6                        mov si, ax
    11 00000002 89C3                        mov bx, ax
    12 00000004 83C338                      add bx, zombie_entry - start
    13 00000007 891E135D                    mov [05D13h], bx
    14 0000000B 0E                          push cs
    15 0000000C 07                          pop es
    16 0000000D B8EBF9                      mov ax, 0F9EBh
    17 00000010 BACCCC                      mov dx, 0CCCCh
    18 00000013 BBFF26                      mov bx, 026FFh
    19 00000016 B9135D                      mov cx, 05D13h
    20 00000019 FD                          std
    21 0000001A CD87                        int 087h
    22 0000001C FC                          cld
    23 0000001D 89F0                        mov ax, si
    24 0000001F 88E0                        mov al, ah
    25 00000021 30E4                        xor ah, ah
    26 00000023 B53C                        mov ch, 03Ch
    27 00000025 F6F5                        div ch
    28 00000027 F6E5                        mul ch
    29 00000029 88C4                        mov ah, al
    30 0000002B 80C410                      add ah, 010h
    31 0000002E B0A2                        mov al, 0A2h
    32 00000030 81C6A700                    add si, worker - start
    33 00000034 EB3D                        jmp short phoenix_init
    34                                  
    35 00000036 CCCC                        times 2 db 0CCh
    36                                  
    37                                  zombie_entry:
    38 00000038 31FF                        xor di, di
    39 0000003A B8F3A5                      mov ax, 0A5F3h
    40 0000003D BA061F                      mov dx, 01F06h
    41 00000040 B3CC                        mov bl, 0CCh
    42 00000042 FD                          std
    43 00000043 CD87                        int 087h
    44 00000045 FC                          cld
    45 00000046 8B36135D                    mov si, [05D13h]
    46 0000004A 8D44C8                      lea ax, [si - (zombie_entry - start)]
    47 0000004D 88E0                        mov al, ah
    48 0000004F 30E4                        xor ah, ah
    49 00000051 B53C                        mov ch, 03Ch
    50 00000053 F6F5                        div ch
    51 00000055 F6E5                        mul ch
    52 00000057 88C4                        mov ah, al
    53 00000059 80C454                      add ah, 054h
    54 0000005C B0A2                        mov al, 0A2h
    55 0000005E 83C66F                      add si, worker - zombie_entry
    56                                  
    57                                  captured_init:
    58 00000061 16                          push ss
    59 00000062 07                          pop es
    60 00000063 31FF                        xor di, di
    61 00000065 B90900                      mov cx, 9
    62 00000068 F3A5                        rep movsw
    63 0000006A 16                          push ss
    64 0000006B 1F                          pop ds
    65 0000006C BB8002                      mov bx, 00280h
    66 0000006F 0E                          push cs
    67 00000070 17                          pop ss
    68 00000071 EB10                        jmp short phoenix_pointer_ready
    69                                  
    70                                  phoenix_init:
    71 00000073 16                          push ss
    72 00000074 07                          pop es
    73 00000075 31FF                        xor di, di
    74 00000077 B90900                      mov cx, 9
    75 0000007A F3A5                        rep movsw
    76 0000007C 16                          push ss
    77 0000007D 1F                          pop ds
    78 0000007E BB0002                      mov bx, PTR_CELL
    79 00000081 0E                          push cs
    80 00000082 17                          pop ss
    81                                  
    82                                  phoenix_pointer_ready:
    83 00000083 8907                        mov [bx], ax
    84 00000085 C74702FC0F                  mov word [bx + 2], FAR_SEG
    85 0000008A 31F6                        xor si, si
    86 0000008C 89C7                        mov di, ax
    87 0000008E B8FC0F                      mov ax, FAR_SEG
    88 00000091 8EC0                        mov es, ax
    89 00000093 8DA50002                    lea sp, [di + 00200h]
    90 00000097 B90800                      mov cx, 8
    91 0000009A BA0038                      mov dx, 03800h
    92 0000009D BD003C                      mov bp, 03C00h
    93 000000A0 B8FF1F                      mov ax, 01FFFh
    94 000000A3 AB                          stosw
    95 000000A4 4F                          dec di
    96 000000A5 FF1F                        call far [bx]
    97                                  
    98                                  worker:
    99 000000A7 A5                          movsw
   100 000000A8 F3A5                        rep movsw
   101 000000AA 29D4                        sub sp, dx
   102 000000AC 292F                        sub [bx], bp
   103 000000AE 8B3F                        mov di, [bx]
   104 000000B0 B109                        mov cl, 9
   105 000000B2 31F6                        xor si, si
   106 000000B4 AB                          stosw
   107 000000B5 4F                          dec di
   108 000000B6 FF1F                        call far [bx]
