     1                                  ; E5 C2 (day2 round 2 agent E5): C1 + V6-case turn sync. The no-V6 je jumps 2 bytes into the dec (decodes as
     2                                  ; mov dh,0), and the startup band math uses a memory divisor, so phoenix_init starts at instr 25 in both cases
     3                                  ; (DET2 and C1: 26 when a V6-family team is present; the V6-family B itself starts its phoenix at 25). B 234 B.
     4                                  ; E5 C1 (day2 round 2 agent E5, base DET2 = rev2): B-only, zero-byte, turn-neutral reorder of the startup so every
     5                                  ; hook-cell write lands on one fixed round whether or not a V6-family team is present (DET2's writes moved by one
     6                                  ; round in the V6 case): cmp [4A17h] 4, [0CC13h] 5, [9769h] 6, [5D13h] 7, [4A17h] 8, INT87 14 (DET2 15/16); the
     7                                  ; je/dec moved after the INT87 (flags survive mov/std/int 87h/cld). Rebuilds the useful part of the round-1 S4/LATE
     8                                  ; reorders on DET2: [5D13h] now after the V6 family's write (B 5) and the m050/Synthesis/FixedToggle A write (4);
     9                                  ; [9769h] back before Registered_Winners2's INT87 (9). phoenix_init rounds unchanged (25 / 26).
    10                                  ; Good_Test V6 is friend-provided code (see the provenance comments below); E5 edits by agent2 day2 role E5.
    11                                  ; D4 DET2: DET with B's [5D13h]/[0CC13h] writes back at instr 4/5 (rev1 rounds). DET's instr-3 [0CC13h]
    12                                  ; write tied with the zchain/zrl03/ah02 A write (instr 3) and lost the p0f13 hook half the time (screen n6sgd).
    13                                  ; D4 DET (day2, base rev1 KPHL): adaptive whole-team lattice. If a V6-family team is present (its B writes
    14                                  ; [4A17h] at instr 3; no other team in our fields writes that cell), every stream of ours (A, B, captured zombies)
    15                                  ; uses FAR_SEG 0FFAh = lattice 42h (10h below the V6-family 52h lattice, measured +0.28/+0.24 on leader2/3 cohorts
    16                                  ; in D4 W42 screen 0b3hc); otherwise FAR_SEG 0FFBh = 52h as in rev1 (W42's plain 2025/strong cost avoided).
    17                                  ; Detection: our B now writes [4A17h] late (instr 7), so at A's instr 5 and B's instr 5 the cell is still CCCCh
    18                                  ; unless a V6-family B wrote it at instr 3. A keeps the bit in BP; B patches the low byte of its own phoenix
    19                                  ; 'or dx,0FFBh' immediate (dec -> 0FAh) before any captured zombie can reach phoenix_init.
    20                                  ; Good_Test V6 is friend-provided code (see the provenance comments below); DET edits by agent2 day2 role D4.
    21                                  ; COMBINE (night combination coordinator, 2026-10-04, base rev0): KPHL = KP + h34 (B099 KPH_B) + locpatA (B092 KL_A). A = KL_A unchanged; B = B099 KPH_B.
    22                                  ; Good_Test V6 is friend-provided code; V6nohunt and all night edits by agent2 roles (see FINDINGS.md).
    23                                  ; B099 (wave 10, domain 9 R5-cost): KPH = B094 KP + B089 h34 (CX=0 zombie path mov bp,3400h -> 7000h, 1 byte).
    24                                  ; Good_Test V6 is friend-provided; V6nohunt by agent2; K by A031 (E1+SD+Z1 by A031/A022/A026); p0f13 by B064/B084; KP by B094; h34 by B089.
    25                                  ; B094 (wave 9, domain 4 R5-cost): KP = A031 K (E1+SD+Z1) + B084 p0f13 B edits ported onto K_B (Z1+SD).
    26                                  ; Good_Test V6 is friend-provided; V6nohunt by agent2; Z1 by A026, SD by A022, E1/K by A031; p0f by B064, p0f13 by B084.
    27                                  ; p0f13 edits: startup push cs/pop es -> mov [0CC13h],bx + les di,[si+es_ptr] (INT87 stays instr 12); both b/d searches
    28                                  ;   (startup and zom20a path) use window 0F EB F9 CC -> 0F FF 26 13 (patched tail = jmp [0CC13h]).
    29                                  ; Port note: in the zom20a path DX is now 0CCF9h after INT87, so Z1's int 86h there would write FF 1F F9 CC junk
    30                                  ;   over E1's A block (0FF80h..007Fh). It is replaced by mov dx,0CCCCh (same instruction count, no INT86 there);
    31                                  ;   E1's A block already covers 0FF80h..007Fh. The b/d (CX=0) path INT86 block is unchanged.
    32                                  bits 16
    33                                  
    34                                  ; Good_Test V6 warrior 2 (friend-provided; reconstructed source in
    35                                  ; study-notes/good-test-v6/source/). agent2 label form: hard-coded internal
    36                                  ; offsets replaced by label arithmetic with the original operand widths.
    37                                  ; agent2 night A026 variant Z1 (base rev0 = V6nohunt B): captured zombies spend
    38                                  ; their own INT 86h charge (2 per zombie, unused before) on FF 1F CC CC decoy
    39                                  ; blocks for the FF1FCCCC INT87 searchers.
    40                                  ;  - zom20a path (CX!=0): after its b/d INT87, mov ax,1FFFh; int 86h with
    41                                  ;    DI=0, DF=1, DX=CCCCh -> block 0FF04h..0003h (no code is ever loaded below
    42                                  ;    400h or above FC00h; page FFh and 00h:00-03 hold no anchor of our 400h
    43                                  ;    lattice at 52h).
    44                                  ;  - b/d path (CX=0): the worthless 0E070E17 CC counter-bomb INT87 is replaced
    45                                  ;    by a block next to the zombie's own body (BX = own load address + 3):
    46                                  ;    [X+68h, X+168h), X = (BX and FC00h). Inside the zombie's MIN_GAP zone
    47                                  ;    and on pages 4k / 4k+1 outside in-page 52h-67h of pages 4k, so it can
    48                                  ;    hit neither loaded code nor any anchor/worker of our lattice.
    49                                  ;  - zombie band math uses 16-bit DIV (same AX, 2 instructions fewer), so both
    50                                  ;    zombie paths reach phoenix_init on the same turn as in rev0.
    51                                  ; B's own startup is unchanged.
    52                                  
    53                                  ; A031 K = A026 Z1 (zombie INT86 blocks) + A022 SD (phoenix_init mov cx,10; dead mov dx,[4A17h] dropped; db 0CCh,0CCh after the worker). B startup unchanged.
    54                                  
    55                                  start:
    56 00000000 89C6                        mov si, ax                                      ; 1
    57 00000002 8DAC4E00                    lea bp, [word si + zombie_entry - start]        ; 2  D4 DET: entry kept in BP (BX is the INT87 replacement)
    58 00000006 C47C48                      les di, [si + es_ptr - start]                   ; 3  (ES:DI for the INT87 below)
    59 00000009 813E174ACCCC                cmp word [4A17h], 0CCCCh                        ; 4  E5: detection read moved up (V6-family B writes [4A17h] at 3)
    60 0000000F 892E13CC                    mov [0CC13h], bp                                ; 5  as DET2 (after the zchain/zrl03/ah02 A write at 3, before their INT87s at 8)
    61 00000013 892E6997                    mov [9769h], bp                                 ; 6  E5: was 9 (no V6) / 10 (V6); now after V6-family A (5) and RW1 (3), before RW2's INT87 (9)
    62 00000017 892E135D                    mov [5D13h], bp                                 ; 7  E5: was 4; now after V6-family B (5) and m050/Synthesis/FixedToggle A (4), before router INT87s (9+)
    63 0000001B 892E174A                    mov [4A17h], bp                                 ; 8  E5: was 8 (no V6) / 9 (V6); after A's read (A instr 5), before V6 A's INT87 (10) and ours (11)
    64 0000001F B80FEB                      mov ax, 0EB0Fh                                  ; 9
    65 00000022 BAF9CC                      mov dx, 0CCF9h                                  ; 10
    66 00000025 BB0FFF                      mov bx, 0FF0Fh                                  ; 11
    67 00000028 B92613                      mov cx, 01326h                                  ; 12
    68 0000002B FD                          std                                             ; 13
    69 0000002C CD87                        int 087h                                        ; 14 E5: was 15 (no V6) / 16 (V6)
    70 0000002E FC                          cld                                             ; 15 (mov/std/int 87h/cld leave ZF from instr 4 intact)
    71 0000002F 7402                        je short .v6dec + 2                             ; 16 E5 C2: no V6 -> lands inside the dec: bytes B6 00 = mov dh,0 (harmless)
    72                                  .v6dec:
    73 00000031 FE8CB600                    dec byte [si + phx_far - start + 2]             ; 17 D4 DET: patch own phoenix 'or dx,0FFBh' -> 0FFAh (B + zombies)
    74 00000035 89F0                        mov ax, si                      ; E5 C2: band math with A's memory divisor (same AX = floor(si/3C00h)*3C00h + 10A2h),
    75 00000037 31D2                        xor dx, dx                      ;   one instruction fewer, so both paths take 2 turns from the je: phoenix_init at
    76 00000039 F7744C                      div word [si + kq - start]      ;   instr 25 with or without a V6-family team (DET2/C1: 25 / 26 with V6; V6-family B: 25)
    77 0000003C F7644C                      mul word [si + kq - start]
    78 0000003F 05A210                      add ax, 010A2h
    79 00000042 81C6D700                    add si, strict word worker - start
    80 00000046 EB57                        jmp short phoenix_init
    81                                  
    82                                  es_ptr:
    83 00000048 00000010                    dw 0000h, 01000h
    84                                  kq:
    85 0000004C 003C                        dw 03C00h                       ; E5 C2
    86                                  
    87                                  zombie_entry:
    88 0000004E 31FF                        xor di, di
    89 00000050 FD                          std
    90 00000051 BD0070                      mov bp, 7000h            ; B099: B089 h34 (CX=0 captured-b/d phase 34h -> 70h)
    91 00000054 E31B                        jcxz zombie_fallback
    92 00000056 BD0020                      mov bp, 2000h
    93 00000059 0E                          push cs
    94 0000005A 07                          pop es
    95 0000005B B80FEB                      mov ax, 0EB0Fh
    96 0000005E BAF9CC                      mov dx, 0CCF9h
    97 00000061 BB0FFF                      mov bx, 0FF0Fh
    98 00000064 B92613                      mov cx, 01326h
    99 00000067 CD87                        int 087h
   100 00000069 B8FF1F                      mov ax, 01FFFh
   101 0000006C BACCCC                      mov dx, 0CCCCh          ; B094: was int 086h (DX would be 0CCF9h); keeps the instruction count
   102 0000006F EB12                        jmp short zombie_common
   103                                  
   104                                  zombie_fallback:
   105 00000071 89DF                        mov di, bx
   106 00000073 81E700FC                    and di, 0FC00h
   107 00000077 81C76401                    add di, 0164h
   108 0000007B B8FF1F                      mov ax, 01FFFh
   109 0000007E BACCCC                      mov dx, 0CCCCh
   110 00000081 CD86                        int 086h
   111                                  
   112                                  zombie_common:
   113 00000083 FC                          cld
   114 00000084 E80000                      call get_ip
   115                                  
   116                                  get_ip:
   117 00000087 5E                          pop si
   118 00000088 81EE8700                    sub si, strict word get_ip - start
   119 0000008C 89F0                        mov ax, si
   120 0000008E 31D2                        xor dx, dx
   121 00000090 B9003C                      mov cx, 03C00h
   122 00000093 F7F1                        div cx
   123 00000095 F7E1                        mul cx
   124 00000097 01E8                        add ax, bp
   125 00000099 B0A2                        mov al, 0A2h
   126 0000009B 81C6D700                    add si, strict word worker - start
   127                                  
   128                                  phoenix_init:
   129 0000009F 16                          push ss
   130 000000A0 07                          pop es
   131 000000A1 31FF                        xor di, di
   132 000000A3 B90A00                      mov cx, 10
   133 000000A6 F3A5                        rep movsw
   134 000000A8 16                          push ss
   135 000000A9 1F                          pop ds
   136 000000AA BB8002                      mov bx, 0280h
   137 000000AD 0E                          push cs
   138 000000AE 17                          pop ss
   139 000000AF 8907                        mov [bx], ax
   140 000000B1 83E200                      and dx, 0
   141                                  phx_far:
   142 000000B4 81CAFB0F                    or dx, strict word 0FFBh        ; D4 DET: low byte patched to 0FAh by B's startup when a V6-family team is present
   143 000000B8 895702                      mov [bx + 2], dx
   144 000000BB 31F6                        xor si, si
   145 000000BD 89C7                        mov di, ax
   146 000000BF 8EC2                        mov es, dx
   147 000000C1 89FC                        mov sp, di
   148 000000C3 81C40006                    add sp, 00600h
   149 000000C7 B90800                      mov cx, 8
   150 000000CA BA0024                      mov dx, 02400h
   151 000000CD BD002C                      mov bp, 02C00h
   152 000000D0 B8FF1F                      mov ax, 01FFFh
   153 000000D3 AB                          stosw
   154 000000D4 4F                          dec di
   155 000000D5 FF1F                        call far [bx]
   156                                  
   157                                  worker:
   158 000000D7 A5                          movsw
   159 000000D8 F3A5                        rep movsw
   160 000000DA 29D4                        sub sp, dx
   161 000000DC 292F                        sub [bx], bp
   162 000000DE 8B3F                        mov di, [bx]
   163 000000E0 B109                        mov cl, 9
   164 000000E2 31F6                        xor si, si
   165 000000E4 AB                          stosw
   166 000000E5 4F                          dec di
   167 000000E6 FF1F                        call far [bx]
   168 000000E8 CCCC                        db 0CCh, 0CCh
