     1                                  bits 16
     2                                  
     3                                  ; microopt-2026-10-01 d4 / A: d3 + `les di,[si+arena_far]` replaces `push cs/pop es` (-1 round A,B)
     4                                  ; Base: c090 (arena-100 c090-landmine-avoidance). Engine facts used: warriors start with
     5                                  ; DI=SI=BX=CX=DX=BP=0, INT 87h never writes DI, REP MOVSW ignores flags.
     6                                  
     7                                  %define FAR_SEG  0FFCh
     8                                  %define PTR_CELL 00200h
     9                                  
    10                                  start:
    11 00000000 89C6                        mov si, ax
    12 00000002 83C038                      add ax, zombie_entry - start
    13 00000005 A3135D                      mov [05D13h], ax
    14 00000008 C47C34                      les di, [si + arena_far - start]
    15 0000000B B8EBF9                      mov ax, 0F9EBh
    16 0000000E BACCCC                      mov dx, 0CCCCh
    17 00000011 BBFF26                      mov bx, 026FFh
    18 00000014 B9135D                      mov cx, 05D13h
    19 00000017 FD                          std
    20 00000018 CD87                        int 087h
    21 0000001A FC                          cld
    22 0000001B 89F0                        mov ax, si
    23 0000001D 88E0                        mov al, ah
    24 0000001F 30E4                        xor ah, ah
    25 00000021 B53C                        mov ch, 03Ch
    26 00000023 F6F5                        div ch
    27 00000025 F6E5                        mul ch
    28 00000027 88C4                        mov ah, al
    29 00000029 80C410                      add ah, 010h
    30 0000002C B0A2                        mov al, 0A2h
    31 0000002E 81C6A600                    add si, worker - start
    32 00000032 EB40                        jmp short phoenix_init
    33                                  
    34                                  arena_far:
    35 00000034 00000010                    dw 0, 01000h
    36                                  
    37                                  zombie_entry:
    38 00000038 31FF                        xor di, di
    39 0000003A B8F3A5                      mov ax, 0A5F3h
    40 0000003D BA061F                      mov dx, 01F06h
    41 00000040 B3CC                        mov bl, 0CCh
    42 00000042 FD                          std
    43 00000043 CD87                        int 087h
    44 00000045 FC                          cld
    45 00000046 E80000                      call .get_ip
    46                                  
    47                                  .get_ip:
    48 00000049 5E                          pop si
    49 0000004A 83EE49                      sub si, .get_ip - start
    50 0000004D 89F0                        mov ax, si
    51 0000004F 88E0                        mov al, ah
    52 00000051 30E4                        xor ah, ah
    53 00000053 B53C                        mov ch, 03Ch
    54 00000055 F6F5                        div ch
    55 00000057 F6E5                        mul ch
    56 00000059 88C4                        mov ah, al
    57 0000005B 80C454                      add ah, 054h
    58 0000005E B0A2                        mov al, 0A2h
    59 00000060 81C6A600                    add si, worker - start
    60                                  
    61                                  captured_init:
    62 00000064 16                          push ss
    63 00000065 07                          pop es
    64 00000066 B90900                      mov cx, 9
    65 00000069 F3A5                        rep movsw
    66 0000006B 16                          push ss
    67 0000006C 1F                          pop ds
    68 0000006D BB8002                      mov bx, 00280h
    69 00000070 0E                          push cs
    70 00000071 17                          pop ss
    71 00000072 EB0E                        jmp short phoenix_pointer_ready
    72                                  
    73                                  phoenix_init:
    74 00000074 16                          push ss
    75 00000075 07                          pop es
    76 00000076 B90900                      mov cx, 9
    77 00000079 F3A5                        rep movsw
    78 0000007B 16                          push ss
    79 0000007C 1F                          pop ds
    80 0000007D BB0002                      mov bx, PTR_CELL
    81 00000080 0E                          push cs
    82 00000081 17                          pop ss
    83                                  
    84                                  phoenix_pointer_ready:
    85 00000082 8907                        mov [bx], ax
    86 00000084 C74702FC0F                  mov word [bx + 2], FAR_SEG
    87 00000089 31F6                        xor si, si
    88 0000008B 89C7                        mov di, ax
    89 0000008D B8FC0F                      mov ax, FAR_SEG
    90 00000090 8EC0                        mov es, ax
    91 00000092 8DA50002                    lea sp, [di + 00200h]
    92 00000096 B90800                      mov cx, 8
    93 00000099 BA0038                      mov dx, 03800h
    94 0000009C BD003C                      mov bp, 03C00h
    95 0000009F B8FF1F                      mov ax, 01FFFh
    96 000000A2 AB                          stosw
    97 000000A3 4F                          dec di
    98 000000A4 FF1F                        call far [bx]
    99                                  
   100                                  worker:
   101 000000A6 A5                          movsw
   102 000000A7 F3A5                        rep movsw
   103 000000A9 29D4                        sub sp, dx
   104 000000AB 292F                        sub [bx], bp
   105 000000AD 8B3F                        mov di, [bx]
   106 000000AF B109                        mov cl, 9
   107 000000B1 31F6                        xor si, si
   108 000000B3 AB                          stosw
   109 000000B4 4F                          dec di
   110 000000B5 FF1F                        call far [bx]
