     1                                  bits 16
     2                                  
     3                                  %define FAR_SEG  0FF8h
     4                                  %define PTR_CELL 0200h
     5                                  %define HOOK_CELL 06D3Bh
     6                                  
     7                                  start:
     8 00000000 89C6                        mov si, ax
     9 00000002 89C7                        mov di, ax
    10 00000004 83C721                      add di, stolen_entry - start
    11 00000007 893E3B6D                    mov [HOOK_CELL], di
    12 0000000B 0E                          push cs
    13 0000000C 07                          pop es
    14 0000000D 31FF                        xor di, di
    15 0000000F B8EBF9                      mov ax, 0F9EBh
    16 00000012 BACCCC                      mov dx, 0CCCCh
    17 00000015 BBFF26                      mov bx, 026FFh
    18 00000018 B93B6D                      mov cx, HOOK_CELL
    19 0000001B CD87                        int 87h
    20 0000001D 89F0                        mov ax, si
    21 0000001F EB09                        jmp phoenix_init
    22                                  
    23                                  stolen_entry:
    24                                      ; A captured Zombie has no reliable AX.  Recover this copy's actual load
    25                                      ; address from CALL's return IP, then enter the same protected Phoenix
    26                                      ; bootstrap as the original survivor using the Zombie's private stack.
    27 00000021 E80000                      call .get_ip
    28                                  .get_ip:
    29 00000024 5E                          pop si
    30 00000025 83EE24                      sub si, .get_ip - start
    31 00000028 89F0                        mov ax, si
    32                                  
    33                                  phoenix_init:
    34 0000002A B0A2                        mov al, 0A2h
    35 0000002C 80C44D                      add ah, 4Dh
    36 0000002F 83C668                      add si, worker - start
    37 00000032 16                          push ss
    38 00000033 07                          pop es
    39 00000034 31FF                        xor di, di
    40 00000036 B90900                      mov cx, 9
    41 00000039 F3A5                        rep movsw
    42 0000003B 16                          push ss
    43 0000003C 1F                          pop ds
    44 0000003D 0E                          push cs
    45 0000003E 17                          pop ss
    46 0000003F BB0002                      mov bx, PTR_CELL
    47 00000042 8907                        mov [bx], ax
    48 00000044 C74702F80F                  mov word [bx + 2], FAR_SEG
    49 00000049 31F6                        xor si, si
    50 0000004B 89C7                        mov di, ax
    51 0000004D B8F80F                      mov ax, FAR_SEG
    52 00000050 8EC0                        mov es, ax
    53 00000052 89FC                        mov sp, di
    54 00000054 81C40005                    add sp, 0500h
    55 00000058 B90900                      mov cx, 9
    56 0000005B BA0034                      mov dx, 03400h
    57 0000005E BD003A                      mov bp, 03A00h
    58 00000061 B8FF1F                      mov ax, 01FFFh
    59 00000064 AB                          stosw
    60 00000065 4F                          dec di
    61 00000066 FF1F                        call far [bx]
    62                                  
    63                                  worker:
    64 00000068 A5                          movsw
    65 00000069 F3A5                        rep movsw
    66 0000006B 29D4                        sub sp, dx
    67 0000006D 292F                        sub [bx], bp
    68 0000006F 8B3F                        mov di, [bx]
    69 00000071 B109                        mov cl, 9
    70 00000073 31F6                        xor si, si
    71 00000075 AB                          stosw
    72 00000076 4F                          dec di
    73 00000077 FF1F                        call far [bx]
    74                                  
