     1                                  bits 16
     2                                  
     3                                  ; microopt-2026-10-01 e1p5 / A: e1 + A main loop 5 rounds later (5 nops before phoenix_pointer_ready)
     4                                  ; Base: e1 (c090 + A start fusion). B is c090's B unchanged.
     5                                  
     6                                  %define FAR_SEG  0FFCh
     7                                  %define PTR_CELL 00200h
     8                                  
     9                                  start:
    10 00000000 89C6                        mov si, ax
    11 00000002 83C035                      add ax, zombie_entry - start
    12 00000005 A3135D                      mov [05D13h], ax
    13 00000008 0E                          push cs
    14 00000009 07                          pop es
    15 0000000A B8EBF9                      mov ax, 0F9EBh
    16 0000000D BACCCC                      mov dx, 0CCCCh
    17 00000010 BBFF26                      mov bx, 026FFh
    18 00000013 B9135D                      mov cx, 05D13h
    19 00000016 FD                          std
    20 00000017 CD87                        int 087h
    21 00000019 FC                          cld
    22 0000001A 89F0                        mov ax, si
    23 0000001C 88E0                        mov al, ah
    24 0000001E 30E4                        xor ah, ah
    25 00000020 B53C                        mov ch, 03Ch
    26 00000022 F6F5                        div ch
    27 00000024 F6E5                        mul ch
    28 00000026 88C4                        mov ah, al
    29 00000028 80C410                      add ah, 010h
    30 0000002B B0A2                        mov al, 0A2h
    31 0000002D 81C6AC00                    add si, worker - start
    32 00000031 EB40                        jmp short phoenix_init
    33                                  
    34 00000033 CCCC                        times 2 db 0CCh
    35                                  
    36                                  zombie_entry:
    37 00000035 31FF                        xor di, di
    38 00000037 B8F3A5                      mov ax, 0A5F3h
    39 0000003A BA061F                      mov dx, 01F06h
    40 0000003D B3CC                        mov bl, 0CCh
    41 0000003F FD                          std
    42 00000040 CD87                        int 087h
    43 00000042 FC                          cld
    44 00000043 E80000                      call .get_ip
    45                                  
    46                                  .get_ip:
    47 00000046 5E                          pop si
    48 00000047 83EE46                      sub si, .get_ip - start
    49 0000004A 89F0                        mov ax, si
    50 0000004C 88E0                        mov al, ah
    51 0000004E 30E4                        xor ah, ah
    52 00000050 B53C                        mov ch, 03Ch
    53 00000052 F6F5                        div ch
    54 00000054 F6E5                        mul ch
    55 00000056 88C4                        mov ah, al
    56 00000058 80C454                      add ah, 054h
    57 0000005B B0A2                        mov al, 0A2h
    58 0000005D 81C6AC00                    add si, worker - start
    59                                  
    60                                  captured_init:
    61 00000061 16                          push ss
    62 00000062 07                          pop es
    63 00000063 31FF                        xor di, di
    64 00000065 B90900                      mov cx, 9
    65 00000068 F3A5                        rep movsw
    66 0000006A 16                          push ss
    67 0000006B 1F                          pop ds
    68 0000006C BB8002                      mov bx, 00280h
    69 0000006F 0E                          push cs
    70 00000070 17                          pop ss
    71 00000071 EB15                        jmp short phoenix_pointer_ready
    72                                  
    73                                  phoenix_init:
    74 00000073 16                          push ss
    75 00000074 07                          pop es
    76 00000075 31FF                        xor di, di
    77 00000077 B90900                      mov cx, 9
    78 0000007A F3A5                        rep movsw
    79 0000007C 16                          push ss
    80 0000007D 1F                          pop ds
    81 0000007E BB0002                      mov bx, PTR_CELL
    82 00000081 0E                          push cs
    83 00000082 17                          pop ss
    84 00000083 90                          nop
    85 00000084 90                          nop
    86 00000085 90                          nop
    87 00000086 90                          nop
    88 00000087 90                          nop
    89                                  
    90                                  phoenix_pointer_ready:
    91 00000088 8907                        mov [bx], ax
    92 0000008A C74702FC0F                  mov word [bx + 2], FAR_SEG
    93 0000008F 31F6                        xor si, si
    94 00000091 89C7                        mov di, ax
    95 00000093 B8FC0F                      mov ax, FAR_SEG
    96 00000096 8EC0                        mov es, ax
    97 00000098 8DA50002                    lea sp, [di + 00200h]
    98 0000009C B90800                      mov cx, 8
    99 0000009F BA0038                      mov dx, 03800h
   100 000000A2 BD003C                      mov bp, 03C00h
   101 000000A5 B8FF1F                      mov ax, 01FFFh
   102 000000A8 AB                          stosw
   103 000000A9 4F                          dec di
   104 000000AA FF1F                        call far [bx]
   105                                  
   106                                  worker:
   107 000000AC A5                          movsw
   108 000000AD F3A5                        rep movsw
   109 000000AF 29D4                        sub sp, dx
   110 000000B1 292F                        sub [bx], bp
   111 000000B3 8B3F                        mov di, [bx]
   112 000000B5 B109                        mov cl, 9
   113 000000B7 31F6                        xor si, si
   114 000000B9 AB                          stosw
   115 000000BA 4F                          dec di
   116 000000BB FF1F                        call far [bx]
