     1                                  bits 16
     2                                  
     3                                  %define HOOK_CELL 0A37Dh
     4                                  
     5                                  start:
     6 00000000 89C5                        mov bp, ax
     7 00000002 89C6                        mov si, ax
     8 00000004 83C61F                      add si, stolen_entry - start
     9 00000007 89367DA3                    mov [HOOK_CELL], si
    10 0000000B 1E                          push ds
    11 0000000C 07                          pop es
    12 0000000D 31FF                        xor di, di
    13 0000000F B8EBF9                      mov ax, 0F9EBh
    14 00000012 BACCCC                      mov dx, 0CCCCh
    15 00000015 BBFF26                      mov bx, 026FFh
    16 00000018 B97DA3                      mov cx, HOOK_CELL
    17 0000001B CD87                        int 87h
    18 0000001D EB0F                        jmp fallback
    19                                  
    20                                  stolen_entry:
    21 0000001F 1E                          push ds
    22 00000020 07                          pop es
    23 00000021 BFA9EC                      mov di, 0ECA9h
    24 00000024 B8CCCC                      mov ax, 0CCCCh
    25                                  stolen_loop:
    26 00000027 AB                          stosw
    27 00000028 81C7F92F                    add di, 2FF9h
    28 0000002C EBF9                        jmp stolen_loop
    29                                  
    30                                  fallback:
    31 0000002E 1E                          push ds
    32 0000002F 17                          pop ss
    33 00000030 89EC                        mov sp, bp
    34 00000032 81C4ABAA                    add sp, 0AAABh
    35 00000036 1E                          push ds
    36 00000037 07                          pop es
    37 00000038 89EF                        mov di, bp
    38 0000003A 83C742                      add di, generated - start
    39 0000003D B850AB                      mov ax, 0AB50h
    40 00000040 50                          push ax
    41 00000041 AB                          stosw
    42                                  generated:
    43                                  
