     1                                  ; E6 T8 (day2 round 2, agent E6, base DET2 rev2): A's own trail 400h -> 800h per generation (phoenix mov dx,04000h ->
     2                                  ; 03C00h; step BP 4400h unchanged) = night A015 A_t800 ported onto DET2. Plain-field death classification (E6) puts
     3                                  ; ~1/3 of A's attributable deaths in the rebuild window (vs ~1/5 for B, whose trail is 800h): halving A's rebuild
     4                                  ; count per painted byte lowers A's exposed byte-turns per turn by ~15%. In KP (night B100 KPT) it gave 2025 +0.029 on a fresh confirm.
     5                                  ; D4 DET2: DET with B's [5D13h]/[0CC13h] writes back at instr 4/5 (rev1 rounds). DET's instr-3 [0CC13h]
     6                                  ; write tied with the zchain/zrl03/ah02 A write (instr 3) and lost the p0f13 hook half the time (screen n6sgd).
     7                                  ; D4 DET (day2, base rev1 KPHL): adaptive whole-team lattice. If a V6-family team is present (its B writes
     8                                  ; [4A17h] at instr 3; no other team in our fields writes that cell), every stream of ours (A, B, captured zombies)
     9                                  ; uses FAR_SEG 0FFAh = lattice 42h (10h below the V6-family 52h lattice, measured +0.28/+0.24 on leader2/3 cohorts
    10                                  ; in D4 W42 screen 0b3hc); otherwise FAR_SEG 0FFBh = 52h as in rev1 (W42's plain 2025/strong cost avoided).
    11                                  ; Detection: our B now writes [4A17h] late (instr 7), so at A's instr 5 and B's instr 5 the cell is still CCCCh
    12                                  ; unless a V6-family B wrote it at instr 3. A keeps the bit in BP; B patches the low byte of its own phoenix
    13                                  ; 'or dx,0FFBh' immediate (dec -> 0FAh) before any captured zombie can reach phoenix_init.
    14                                  ; Good_Test V6 is friend-provided code (see the provenance comments below); DET edits by agent2 day2 role D4.
    15                                  ; COMBINE (night combination coordinator, 2026-10-04, base rev0): KPHL = KP + h34 (B099 KPH_B) + locpatA (B092 KL_A). A = KL_A unchanged; B = B099 KPH_B.
    16                                  ; Good_Test V6 is friend-provided code; V6nohunt and all night edits by agent2 roles (see FINDINGS.md).
    17                                  bits 16
    18                                  
    19                                  ; B092 KL (warrior A): A031 K (E1 INT86 decoy block + A022 SD template edits) combined with the
    20                                  ; domain-2 defense A038 locpatA (B082 location start DI = 15*[1243h] + A038 window F2 81 C3 E1 -> FF 26 17 4A).
    21                                  ; Provenance: Good_Test V6 warrior 1 is friend-provided code (reconstructed source in
    22                                  ; study-notes/good-test-v6/source/); V6nohunt = agent2 edit (removed [7A00h] patch); E1/SD/locA2/locpatA are
    23                                  ; agent2 night edits (A031, A022, B082, A038); this merge = agent2 night role B092.
    24                                  ; Turn budget: locpatA startup (INT87 at instr 11) + E1 block (4 instr) + band math with a memory divisor
    25                                  ; (div/mul word [kq] instead of mov cx,3C00h; div cx; mul cx: same AX, one instruction fewer) + add si;
    26                                  ; phoenix_init still starts at turn 22 (as in rev0, K and locpatA). Data moved to the end (no jmp needed).
    27                                  ; B = A031 K_B (A026 Z1 + SD) unchanged.
    28                                  
    29                                  start:
    30 00000000 89C6                        mov si, ax                      ; 1
    31 00000002 BBFF26                      mov bx, 026FFh                  ; 2
    32 00000005 B9174A                      mov cx, 04A17h                  ; 3
    33 00000008 A14312                      mov ax, [1243h]                 ; 4  zom20a's v1 = hi(L*10E1h)
    34 0000000B 8B2E174A                    mov bp, [4A17h]                 ; 5  D4 DET: CCCCh unless a V6-family B wrote it (instr 3)
    35 0000000F 81F5CCCC                    xor bp, 0CCCCh                  ; 6  D4 DET: bp = 0 iff no V6-family team ([9769h] write moved to B)
    36 00000013 F7A4D200                    mul word [si + k15 - start]     ; 7  ax = 15*v1
    37 00000017 97                          xchg ax, di                     ; 8
    38 00000018 C484CE00                    les ax, [si + z20a_data - start]; 9  ax = 81F2h, es = 1000h (arena)
    39 0000001C BAC3E1                      mov dx, 0E1C3h                  ; 10
    40 0000001F CD87                        int 087h                        ; 11 F2 81 C3 E1 -> FF 26 17 4A, forward from DI
    41 00000021 BF80FF                      mov di, 0FF80h                  ; 12 E1: 64 x FF 1F CC CC at 0FF80h..007Fh
    42 00000024 B8FF1F                      mov ax, 01FFFh                  ; 13
    43 00000027 BACCCC                      mov dx, 0CCCCh                  ; 14
    44 0000002A CD86                        int 086h                        ; 15
    45 0000002C 89F0                        mov ax, si                      ; 16 band math: floor(si/3C00h)*3C00h + 2CA2h
    46 0000002E 31D2                        xor dx, dx                      ; 17
    47 00000030 F7B4D400                    div word [si + kq - start]      ; 18
    48 00000034 F7A4D400                    mul word [si + kq - start]      ; 19
    49 00000038 05A22C                      add ax, 02CA2h                  ; 20
    50 0000003B 81C67700                    add si, strict word worker - start ; 21
    51                                  
    52                                  phoenix_init:
    53 0000003F 16                          push ss
    54 00000040 07                          pop es
    55 00000041 31FF                        xor di, di
    56 00000043 B90A00                      mov cx, 10
    57 00000046 F3A5                        rep movsw
    58 00000048 16                          push ss
    59 00000049 1F                          pop ds
    60 0000004A BBC002                      mov bx, 002C0h
    61 0000004D 0E                          push cs
    62 0000004E 17                          pop ss
    63 0000004F 8907                        mov [bx], ax
    64 00000051 83FD01                      cmp bp, 1                       ; D4 DET: CF = 1 iff no V6-family team (dx = 0 here)
    65 00000054 81D2FA0F                    adc dx, 0FFAh                   ; D4 DET: FAR_SEG 0FFBh (52h) or 0FFAh (42h)
    66 00000058 895702                      mov [bx + 2], dx
    67 0000005B 31F6                        xor si, si
    68 0000005D 89C7                        mov di, ax
    69 0000005F 8EC2                        mov es, dx
    70 00000061 89FC                        mov sp, di
    71 00000063 81C40001                    add sp, 00100h
    72 00000067 B90900                      mov cx, 9
    73 0000006A BA003C                      mov dx, 03C00h                  ; E6 T8: A trail 800h per generation (was 04000h = 400h trail)
    74 0000006D BD0044                      mov bp, 04400h
    75 00000070 B8FF1F                      mov ax, 01FFFh
    76 00000073 AB                          stosw
    77 00000074 4F                          dec di
    78 00000075 FF1F                        call far [bx]
    79                                  worker:
    80 00000077 A5                          movsw
    81 00000078 F3A5                        rep movsw
    82 0000007A 29D4                        sub sp, dx
    83 0000007C 292F                        sub [bx], bp
    84 0000007E 8B3F                        mov di, [bx]
    85 00000080 B109                        mov cl, 9
    86 00000082 31F6                        xor si, si
    87 00000084 AB                          stosw
    88 00000085 4F                          dec di
    89 00000086 FF1F                        call far [bx]
    90 00000088 CCCC                        db 0CCh, 0CCh
    91                                  
    92                                  zombie_entry:
    93 0000008A 89C3                        mov bx, ax
    94 0000008C BACCCC                      mov dx, 0CCCCh
    95                                  
    96                                  zombie_scan:
    97 0000008F 81C30001                    add bx, 00100h
    98 00000093 813FCCCC                    cmp word [bx], 0CCCCh
    99 00000097 74F6                        je short zombie_scan
   100                                  
   101 00000099 B104                        mov cl, 4
   102                                  
   103                                  candidate_check:
   104 0000009B 8A4701                      mov al, [bx + 1]
   105 0000009E 2C0F                        sub al, 0Fh
   106 000000A0 3C10                        cmp al, 10h
   107 000000A2 770D                        ja short next_candidate
   108 000000A4 8B37                        mov si, [bx]
   109 000000A6 81FEFC0F                    cmp si, 0FFCh
   110 000000AA 7405                        je short next_candidate
   111 000000AC 3B7704                      cmp si, [bx + 4]
   112 000000AF 7405                        je short found_candidate
   113                                  
   114                                  next_candidate:
   115 000000B1 43                          inc bx
   116 000000B2 E2E7                        loop candidate_check
   117 000000B4 EBD9                        jmp short zombie_scan
   118                                  
   119                                  found_candidate:
   120 000000B6 8B7FFE                      mov di, [bx - 2]
   121 000000B9 81EE0010                    sub si, 01000h
   122 000000BD 01F6                        add si, si
   123 000000BF 01F6                        add si, si
   124 000000C1 01F6                        add si, si
   125 000000C3 01F6                        add si, si
   126 000000C5 83EF02                      sub di, 2
   127 000000C8 01F7                        add di, si
   128 000000CA 8915                        mov [di], dx
   129 000000CC EBC1                        jmp short zombie_scan
   130                                  
   131                                  z20a_data:
   132 000000CE F2810010                    dw 081F2h, 01000h
   133                                  k15:
   134 000000D2 0F00                        dw 15
   135                                  kq:
   136 000000D4 003C                        dw 03C00h
