     1                                  bits 16
     2                                  
     3                                  start:
     4 00000000 89C5                        mov bp, ax
     5 00000002 06                          push es
     6 00000003 1F                          pop ds
     7 00000004 89EB                        mov bx, bp
     8 00000006 83C31B                      add bx, worker - start
     9 00000009 891E0000                    mov [0], bx
    10 0000000D 8C0E0200                    mov [2], cs
    11 00000011 0E                          push cs
    12 00000012 17                          pop ss
    13 00000013 89EC                        mov sp, bp
    14 00000015 81C4E3C4                    add sp, 0C4E3h
    15 00000019 FFE3                        jmp bx
    16                                  
    17                                  worker:
    18 0000001B 9B9B                        db 09Bh, 09Bh
    19 0000001D 81ECF704                    sub sp, 04F7h
    20 00000021 FF1E0000                    call far [0]
    21                                  
