     1                                  bits 16
     2                                  
     3                                  ; microopt-2026-10-01 f7 / A: e1x + 4 nops: A loop 1 round after e1p3
     4                                  
     5                                  %define FAR_SEG  0FFCh
     6                                  %define PTR_CELL 00200h
     7                                  
     8                                  start:
     9 00000000 83C037                      add ax, zombie_entry - start
    10 00000003 A3135D                      mov [05D13h], ax
    11 00000006 0E                          push cs
    12 00000007 07                          pop es
    13 00000008 B8EBF9                      mov ax, 0F9EBh
    14 0000000B BACCCC                      mov dx, 0CCCCh
    15 0000000E BBFF26                      mov bx, 026FFh
    16 00000011 B9135D                      mov cx, 05D13h
    17 00000014 FD                          std
    18 00000015 CD87                        int 087h
    19 00000017 FC                          cld
    20 00000018 8B36135D                    mov si, [05D13h]
    21 0000001C 8D44C9                      lea ax, [si - (zombie_entry - start)]
    22 0000001F 88E0                        mov al, ah
    23 00000021 30E4                        xor ah, ah
    24 00000023 B53C                        mov ch, 03Ch
    25 00000025 F6F5                        div ch
    26 00000027 F6E5                        mul ch
    27 00000029 88C4                        mov ah, al
    28 0000002B 80C410                      add ah, 010h
    29 0000002E B0A2                        mov al, 0A2h
    30 00000030 83C676                      add si, worker - zombie_entry
    31 00000033 EB40                        jmp short phoenix_init
    32                                  
    33 00000035 CCCC                        times 2 db 0CCh
    34                                  
    35                                  zombie_entry:
    36 00000037 31FF                        xor di, di
    37 00000039 B8F3A5                      mov ax, 0A5F3h
    38 0000003C BA061F                      mov dx, 01F06h
    39 0000003F B3CC                        mov bl, 0CCh
    40 00000041 FD                          std
    41 00000042 CD87                        int 087h
    42 00000044 FC                          cld
    43 00000045 E80000                      call .get_ip
    44                                  
    45                                  .get_ip:
    46 00000048 5E                          pop si
    47 00000049 83EE48                      sub si, .get_ip - start
    48 0000004C 89F0                        mov ax, si
    49 0000004E 88E0                        mov al, ah
    50 00000050 30E4                        xor ah, ah
    51 00000052 B53C                        mov ch, 03Ch
    52 00000054 F6F5                        div ch
    53 00000056 F6E5                        mul ch
    54 00000058 88C4                        mov ah, al
    55 0000005A 80C454                      add ah, 054h
    56 0000005D B0A2                        mov al, 0A2h
    57 0000005F 81C6AD00                    add si, worker - start
    58                                  
    59                                  captured_init:
    60 00000063 16                          push ss
    61 00000064 07                          pop es
    62 00000065 31FF                        xor di, di
    63 00000067 B90900                      mov cx, 9
    64 0000006A F3A5                        rep movsw
    65 0000006C 16                          push ss
    66 0000006D 1F                          pop ds
    67 0000006E BB8002                      mov bx, 00280h
    68 00000071 0E                          push cs
    69 00000072 17                          pop ss
    70 00000073 EB14                        jmp short phoenix_pointer_ready
    71                                  
    72                                  phoenix_init:
    73 00000075 16                          push ss
    74 00000076 07                          pop es
    75 00000077 31FF                        xor di, di
    76 00000079 B90900                      mov cx, 9
    77 0000007C F3A5                        rep movsw
    78 0000007E 16                          push ss
    79 0000007F 1F                          pop ds
    80 00000080 BB0002                      mov bx, PTR_CELL
    81 00000083 0E                          push cs
    82 00000084 17                          pop ss
    83 00000085 90                          nop
    84 00000086 90                          nop
    85 00000087 90                          nop
    86 00000088 90                          nop
    87                                  
    88                                  phoenix_pointer_ready:
    89 00000089 8907                        mov [bx], ax
    90 0000008B C74702FC0F                  mov word [bx + 2], FAR_SEG
    91 00000090 31F6                        xor si, si
    92 00000092 89C7                        mov di, ax
    93 00000094 B8FC0F                      mov ax, FAR_SEG
    94 00000097 8EC0                        mov es, ax
    95 00000099 8DA50002                    lea sp, [di + 00200h]
    96 0000009D B90800                      mov cx, 8
    97 000000A0 BA0038                      mov dx, 03800h
    98 000000A3 BD003C                      mov bp, 03C00h
    99 000000A6 B8FF1F                      mov ax, 01FFFh
   100 000000A9 AB                          stosw
   101 000000AA 4F                          dec di
   102 000000AB FF1F                        call far [bx]
   103                                  
   104                                  worker:
   105 000000AD A5                          movsw
   106 000000AE F3A5                        rep movsw
   107 000000B0 29D4                        sub sp, dx
   108 000000B2 292F                        sub [bx], bp
   109 000000B4 8B3F                        mov di, [bx]
   110 000000B6 B109                        mov cl, 9
   111 000000B8 31F6                        xor si, si
   112 000000BA AB                          stosw
   113 000000BB 4F                          dec di
   114 000000BC FF1F                        call far [bx]
