     1                                  bits 16
     2                                  
     3                                  ; microopt-2026-10-01 f7 / B: e1x + 4 nops: A loop 1 round after e1p3
     4                                  
     5                                  %define FAR_SEG  0FFCh
     6                                  %define PTR_CELL 00240h
     7                                  
     8                                  start:
     9 00000000 89C6                        mov si, ax
    10 00000002 0E                          push cs
    11 00000003 07                          pop es
    12 00000004 B8EBF9                      mov ax, 0F9EBh
    13 00000007 BACCCC                      mov dx, 0CCCCh
    14 0000000A BBFF26                      mov bx, 026FFh
    15 0000000D B9135D                      mov cx, 05D13h
    16 00000010 FD                          std
    17 00000011 CD87                        int 087h
    18 00000013 FC                          cld
    19 00000014 89F0                        mov ax, si
    20 00000016 88E0                        mov al, ah
    21 00000018 30E4                        xor ah, ah
    22 0000001A B53C                        mov ch, 03Ch
    23 0000001C F6F5                        div ch
    24 0000001E F6E5                        mul ch
    25 00000020 88C4                        mov ah, al
    26 00000022 80C434                      add ah, 034h
    27 00000025 B0A2                        mov al, 0A2h
    28 00000027 83C662                      add si, worker - start
    29 0000002A EB02                        jmp short phoenix_init
    30                                  
    31 0000002C CCCC                        times 2 db 0CCh
    32                                  
    33                                  phoenix_init:
    34 0000002E 16                          push ss
    35 0000002F 07                          pop es
    36 00000030 31FF                        xor di, di
    37 00000032 B90900                      mov cx, 9
    38 00000035 F3A5                        rep movsw
    39 00000037 16                          push ss
    40 00000038 1F                          pop ds
    41 00000039 BB4002                      mov bx, PTR_CELL
    42 0000003C 0E                          push cs
    43 0000003D 17                          pop ss
    44 0000003E 8907                        mov [bx], ax
    45 00000040 C74702FC0F                  mov word [bx + 2], FAR_SEG
    46 00000045 31F6                        xor si, si
    47 00000047 89C7                        mov di, ax
    48 00000049 B8FC0F                      mov ax, FAR_SEG
    49 0000004C 8EC0                        mov es, ax
    50 0000004E 8DA58002                    lea sp, [di + 00280h]
    51 00000052 B90900                      mov cx, 9
    52 00000055 BA0040                      mov dx, 04000h
    53 00000058 BD0044                      mov bp, 04400h
    54 0000005B B8FF1F                      mov ax, 01FFFh
    55 0000005E AB                          stosw
    56 0000005F 4F                          dec di
    57 00000060 FF1F                        call far [bx]
    58                                  
    59                                  worker:
    60 00000062 A5                          movsw
    61 00000063 F3A5                        rep movsw
    62 00000065 29D4                        sub sp, dx
    63 00000067 292F                        sub [bx], bp
    64 00000069 8B3F                        mov di, [bx]
    65 0000006B B109                        mov cl, 9
    66 0000006D 31F6                        xor si, si
    67 0000006F AB                          stosw
    68 00000070 4F                          dec di
    69 00000071 FF1F                        call far [bx]
