     1                                  bits 16
     2                                  
     3                                  ; microopt-2026-10-01 d1 / A: c090 + dead `xor di,di` removed from phoenix_init (A,B): -1 bootstrap round each
     4                                  ; Base: c090 (arena-100 c090-landmine-avoidance). Engine facts used: warriors start with
     5                                  ; DI=SI=BX=CX=DX=BP=0, INT 87h never writes DI, REP MOVSW ignores flags.
     6                                  
     7                                  %define FAR_SEG  0FFCh
     8                                  %define PTR_CELL 00200h
     9                                  
    10                                  start:
    11 00000000 89C6                        mov si, ax
    12 00000002 89C3                        mov bx, ax
    13 00000004 83C338                      add bx, zombie_entry - start
    14 00000007 891E135D                    mov [05D13h], bx
    15 0000000B 0E                          push cs
    16 0000000C 07                          pop es
    17 0000000D B8EBF9                      mov ax, 0F9EBh
    18 00000010 BACCCC                      mov dx, 0CCCCh
    19 00000013 BBFF26                      mov bx, 026FFh
    20 00000016 B9135D                      mov cx, 05D13h
    21 00000019 FD                          std
    22 0000001A CD87                        int 087h
    23 0000001C FC                          cld
    24 0000001D 89F0                        mov ax, si
    25 0000001F 88E0                        mov al, ah
    26 00000021 30E4                        xor ah, ah
    27 00000023 B53C                        mov ch, 03Ch
    28 00000025 F6F5                        div ch
    29 00000027 F6E5                        mul ch
    30 00000029 88C4                        mov ah, al
    31 0000002B 80C410                      add ah, 010h
    32 0000002E B0A2                        mov al, 0A2h
    33 00000030 81C6A800                    add si, worker - start
    34 00000034 EB40                        jmp short phoenix_init
    35                                  
    36 00000036 CCCC                        times 2 db 0CCh
    37                                  
    38                                  zombie_entry:
    39 00000038 31FF                        xor di, di
    40 0000003A B8F3A5                      mov ax, 0A5F3h
    41 0000003D BA061F                      mov dx, 01F06h
    42 00000040 B3CC                        mov bl, 0CCh
    43 00000042 FD                          std
    44 00000043 CD87                        int 087h
    45 00000045 FC                          cld
    46 00000046 E80000                      call .get_ip
    47                                  
    48                                  .get_ip:
    49 00000049 5E                          pop si
    50 0000004A 83EE49                      sub si, .get_ip - start
    51 0000004D 89F0                        mov ax, si
    52 0000004F 88E0                        mov al, ah
    53 00000051 30E4                        xor ah, ah
    54 00000053 B53C                        mov ch, 03Ch
    55 00000055 F6F5                        div ch
    56 00000057 F6E5                        mul ch
    57 00000059 88C4                        mov ah, al
    58 0000005B 80C454                      add ah, 054h
    59 0000005E B0A2                        mov al, 0A2h
    60 00000060 81C6A800                    add si, worker - start
    61                                  
    62                                  captured_init:
    63 00000064 16                          push ss
    64 00000065 07                          pop es
    65 00000066 31FF                        xor di, di
    66 00000068 B90900                      mov cx, 9
    67 0000006B F3A5                        rep movsw
    68 0000006D 16                          push ss
    69 0000006E 1F                          pop ds
    70 0000006F BB8002                      mov bx, 00280h
    71 00000072 0E                          push cs
    72 00000073 17                          pop ss
    73 00000074 EB0E                        jmp short phoenix_pointer_ready
    74                                  
    75                                  phoenix_init:
    76 00000076 16                          push ss
    77 00000077 07                          pop es
    78 00000078 B90900                      mov cx, 9
    79 0000007B F3A5                        rep movsw
    80 0000007D 16                          push ss
    81 0000007E 1F                          pop ds
    82 0000007F BB0002                      mov bx, PTR_CELL
    83 00000082 0E                          push cs
    84 00000083 17                          pop ss
    85                                  
    86                                  phoenix_pointer_ready:
    87 00000084 8907                        mov [bx], ax
    88 00000086 C74702FC0F                  mov word [bx + 2], FAR_SEG
    89 0000008B 31F6                        xor si, si
    90 0000008D 89C7                        mov di, ax
    91 0000008F B8FC0F                      mov ax, FAR_SEG
    92 00000092 8EC0                        mov es, ax
    93 00000094 8DA50002                    lea sp, [di + 00200h]
    94 00000098 B90800                      mov cx, 8
    95 0000009B BA0038                      mov dx, 03800h
    96 0000009E BD003C                      mov bp, 03C00h
    97 000000A1 B8FF1F                      mov ax, 01FFFh
    98 000000A4 AB                          stosw
    99 000000A5 4F                          dec di
   100 000000A6 FF1F                        call far [bx]
   101                                  
   102                                  worker:
   103 000000A8 A5                          movsw
   104 000000A9 F3A5                        rep movsw
   105 000000AB 29D4                        sub sp, dx
   106 000000AD 292F                        sub [bx], bp
   107 000000AF 8B3F                        mov di, [bx]
   108 000000B1 B109                        mov cl, 9
   109 000000B3 31F6                        xor si, si
   110 000000B5 AB                          stosw
   111 000000B6 4F                          dec di
   112 000000B7 FF1F                        call far [bx]
