     1                                  bits 16
     2                                  
     3                                  ; microopt-2026-10-01 d3 / A: d2 + A start fusion `add ax,imm / mov [05D13h],ax` (-1 round A)
     4                                  ; Base: c090 (arena-100 c090-landmine-avoidance). Engine facts used: warriors start with
     5                                  ; DI=SI=BX=CX=DX=BP=0, INT 87h never writes DI, REP MOVSW ignores flags.
     6                                  
     7                                  %define FAR_SEG  0FFCh
     8                                  %define PTR_CELL 00200h
     9                                  
    10                                  start:
    11 00000000 89C6                        mov si, ax
    12 00000002 83C035                      add ax, zombie_entry - start
    13 00000005 A3135D                      mov [05D13h], ax
    14 00000008 0E                          push cs
    15 00000009 07                          pop es
    16 0000000A B8EBF9                      mov ax, 0F9EBh
    17 0000000D BACCCC                      mov dx, 0CCCCh
    18 00000010 BBFF26                      mov bx, 026FFh
    19 00000013 B9135D                      mov cx, 05D13h
    20 00000016 FD                          std
    21 00000017 CD87                        int 087h
    22 00000019 FC                          cld
    23 0000001A 89F0                        mov ax, si
    24 0000001C 88E0                        mov al, ah
    25 0000001E 30E4                        xor ah, ah
    26 00000020 B53C                        mov ch, 03Ch
    27 00000022 F6F5                        div ch
    28 00000024 F6E5                        mul ch
    29 00000026 88C4                        mov ah, al
    30 00000028 80C410                      add ah, 010h
    31 0000002B B0A2                        mov al, 0A2h
    32 0000002D 81C6A300                    add si, worker - start
    33 00000031 EB3E                        jmp short phoenix_init
    34                                  
    35 00000033 CCCC                        times 2 db 0CCh
    36                                  
    37                                  zombie_entry:
    38 00000035 31FF                        xor di, di
    39 00000037 B8F3A5                      mov ax, 0A5F3h
    40 0000003A BA061F                      mov dx, 01F06h
    41 0000003D B3CC                        mov bl, 0CCh
    42 0000003F FD                          std
    43 00000040 CD87                        int 087h
    44 00000042 FC                          cld
    45 00000043 E80000                      call .get_ip
    46                                  
    47                                  .get_ip:
    48 00000046 5E                          pop si
    49 00000047 83EE46                      sub si, .get_ip - start
    50 0000004A 89F0                        mov ax, si
    51 0000004C 88E0                        mov al, ah
    52 0000004E 30E4                        xor ah, ah
    53 00000050 B53C                        mov ch, 03Ch
    54 00000052 F6F5                        div ch
    55 00000054 F6E5                        mul ch
    56 00000056 88C4                        mov ah, al
    57 00000058 80C454                      add ah, 054h
    58 0000005B B0A2                        mov al, 0A2h
    59 0000005D 81C6A300                    add si, worker - start
    60                                  
    61                                  captured_init:
    62 00000061 16                          push ss
    63 00000062 07                          pop es
    64 00000063 B90900                      mov cx, 9
    65 00000066 F3A5                        rep movsw
    66 00000068 16                          push ss
    67 00000069 1F                          pop ds
    68 0000006A BB8002                      mov bx, 00280h
    69 0000006D 0E                          push cs
    70 0000006E 17                          pop ss
    71 0000006F EB0E                        jmp short phoenix_pointer_ready
    72                                  
    73                                  phoenix_init:
    74 00000071 16                          push ss
    75 00000072 07                          pop es
    76 00000073 B90900                      mov cx, 9
    77 00000076 F3A5                        rep movsw
    78 00000078 16                          push ss
    79 00000079 1F                          pop ds
    80 0000007A BB0002                      mov bx, PTR_CELL
    81 0000007D 0E                          push cs
    82 0000007E 17                          pop ss
    83                                  
    84                                  phoenix_pointer_ready:
    85 0000007F 8907                        mov [bx], ax
    86 00000081 C74702FC0F                  mov word [bx + 2], FAR_SEG
    87 00000086 31F6                        xor si, si
    88 00000088 89C7                        mov di, ax
    89 0000008A B8FC0F                      mov ax, FAR_SEG
    90 0000008D 8EC0                        mov es, ax
    91 0000008F 8DA50002                    lea sp, [di + 00200h]
    92 00000093 B90800                      mov cx, 8
    93 00000096 BA0038                      mov dx, 03800h
    94 00000099 BD003C                      mov bp, 03C00h
    95 0000009C B8FF1F                      mov ax, 01FFFh
    96 0000009F AB                          stosw
    97 000000A0 4F                          dec di
    98 000000A1 FF1F                        call far [bx]
    99                                  
   100                                  worker:
   101 000000A3 A5                          movsw
   102 000000A4 F3A5                        rep movsw
   103 000000A6 29D4                        sub sp, dx
   104 000000A8 292F                        sub [bx], bp
   105 000000AA 8B3F                        mov di, [bx]
   106 000000AC B109                        mov cl, 9
   107 000000AE 31F6                        xor si, si
   108 000000B0 AB                          stosw
   109 000000B1 4F                          dec di
   110 000000B2 FF1F                        call far [bx]
