     1                                  bits 16
     2                                  
     3                                  ; microopt-2026-10-01 e1 / B: c090 + A start fusion only
     4                                  ; Base: c090 (arena-100 c090-landmine-avoidance). Engine facts used: warriors start with
     5                                  ; DI=SI=BX=CX=DX=BP=0, INT 87h never writes DI, REP MOVSW ignores flags.
     6                                  
     7                                  %define FAR_SEG  0FFCh
     8                                  %define PTR_CELL 00240h
     9                                  
    10                                  start:
    11 00000000 89C6                        mov si, ax
    12 00000002 0E                          push cs
    13 00000003 07                          pop es
    14 00000004 B8EBF9                      mov ax, 0F9EBh
    15 00000007 BACCCC                      mov dx, 0CCCCh
    16 0000000A BBFF26                      mov bx, 026FFh
    17 0000000D B9135D                      mov cx, 05D13h
    18 00000010 FD                          std
    19 00000011 CD87                        int 087h
    20 00000013 FC                          cld
    21 00000014 89F0                        mov ax, si
    22 00000016 88E0                        mov al, ah
    23 00000018 30E4                        xor ah, ah
    24 0000001A B53C                        mov ch, 03Ch
    25 0000001C F6F5                        div ch
    26 0000001E F6E5                        mul ch
    27 00000020 88C4                        mov ah, al
    28 00000022 80C434                      add ah, 034h
    29 00000025 B0A2                        mov al, 0A2h
    30 00000027 83C662                      add si, worker - start
    31 0000002A EB02                        jmp short phoenix_init
    32                                  
    33 0000002C CCCC                        times 2 db 0CCh
    34                                  
    35                                  phoenix_init:
    36 0000002E 16                          push ss
    37 0000002F 07                          pop es
    38 00000030 31FF                        xor di, di
    39 00000032 B90900                      mov cx, 9
    40 00000035 F3A5                        rep movsw
    41 00000037 16                          push ss
    42 00000038 1F                          pop ds
    43 00000039 BB4002                      mov bx, PTR_CELL
    44 0000003C 0E                          push cs
    45 0000003D 17                          pop ss
    46 0000003E 8907                        mov [bx], ax
    47 00000040 C74702FC0F                  mov word [bx + 2], FAR_SEG
    48 00000045 31F6                        xor si, si
    49 00000047 89C7                        mov di, ax
    50 00000049 B8FC0F                      mov ax, FAR_SEG
    51 0000004C 8EC0                        mov es, ax
    52 0000004E 8DA58002                    lea sp, [di + 00280h]
    53 00000052 B90900                      mov cx, 9
    54 00000055 BA0040                      mov dx, 04000h
    55 00000058 BD0044                      mov bp, 04400h
    56 0000005B B8FF1F                      mov ax, 01FFFh
    57 0000005E AB                          stosw
    58 0000005F 4F                          dec di
    59 00000060 FF1F                        call far [bx]
    60                                  
    61                                  worker:
    62 00000062 A5                          movsw
    63 00000063 F3A5                        rep movsw
    64 00000065 29D4                        sub sp, dx
    65 00000067 292F                        sub [bx], bp
    66 00000069 8B3F                        mov di, [bx]
    67 0000006B B109                        mov cl, 9
    68 0000006D 31F6                        xor si, si
    69 0000006F AB                          stosw
    70 00000070 4F                          dec di
    71 00000071 FF1F                        call far [bx]
