     1                                  bits 16
     2                                  
     3                                  ; microopt-2026-10-01 timing scan pA1 / A: A main loop 1 round later (1 nop before phoenix_pointer_ready)
     4                                  ; Base: c090. Only the start time of one warrior's main loop changes.
     5                                  
     6                                  %define FAR_SEG  0FFCh
     7                                  %define PTR_CELL 00200h
     8                                  
     9                                  start:
    10 00000000 89C6                        mov si, ax
    11 00000002 89C3                        mov bx, ax
    12 00000004 83C338                      add bx, zombie_entry - start
    13 00000007 891E135D                    mov [05D13h], bx
    14 0000000B 0E                          push cs
    15 0000000C 07                          pop es
    16 0000000D B8EBF9                      mov ax, 0F9EBh
    17 00000010 BACCCC                      mov dx, 0CCCCh
    18 00000013 BBFF26                      mov bx, 026FFh
    19 00000016 B9135D                      mov cx, 05D13h
    20 00000019 FD                          std
    21 0000001A CD87                        int 087h
    22 0000001C FC                          cld
    23 0000001D 89F0                        mov ax, si
    24 0000001F 88E0                        mov al, ah
    25 00000021 30E4                        xor ah, ah
    26 00000023 B53C                        mov ch, 03Ch
    27 00000025 F6F5                        div ch
    28 00000027 F6E5                        mul ch
    29 00000029 88C4                        mov ah, al
    30 0000002B 80C410                      add ah, 010h
    31 0000002E B0A2                        mov al, 0A2h
    32 00000030 81C6AB00                    add si, worker - start
    33 00000034 EB40                        jmp short phoenix_init
    34                                  
    35 00000036 CCCC                        times 2 db 0CCh
    36                                  
    37                                  zombie_entry:
    38 00000038 31FF                        xor di, di
    39 0000003A B8F3A5                      mov ax, 0A5F3h
    40 0000003D BA061F                      mov dx, 01F06h
    41 00000040 B3CC                        mov bl, 0CCh
    42 00000042 FD                          std
    43 00000043 CD87                        int 087h
    44 00000045 FC                          cld
    45 00000046 E80000                      call .get_ip
    46                                  
    47                                  .get_ip:
    48 00000049 5E                          pop si
    49 0000004A 83EE49                      sub si, .get_ip - start
    50 0000004D 89F0                        mov ax, si
    51 0000004F 88E0                        mov al, ah
    52 00000051 30E4                        xor ah, ah
    53 00000053 B53C                        mov ch, 03Ch
    54 00000055 F6F5                        div ch
    55 00000057 F6E5                        mul ch
    56 00000059 88C4                        mov ah, al
    57 0000005B 80C454                      add ah, 054h
    58 0000005E B0A2                        mov al, 0A2h
    59 00000060 81C6AB00                    add si, worker - start
    60                                  
    61                                  captured_init:
    62 00000064 16                          push ss
    63 00000065 07                          pop es
    64 00000066 31FF                        xor di, di
    65 00000068 B90900                      mov cx, 9
    66 0000006B F3A5                        rep movsw
    67 0000006D 16                          push ss
    68 0000006E 1F                          pop ds
    69 0000006F BB8002                      mov bx, 00280h
    70 00000072 0E                          push cs
    71 00000073 17                          pop ss
    72 00000074 EB11                        jmp short phoenix_pointer_ready
    73                                  
    74                                  phoenix_init:
    75 00000076 16                          push ss
    76 00000077 07                          pop es
    77 00000078 31FF                        xor di, di
    78 0000007A B90900                      mov cx, 9
    79 0000007D F3A5                        rep movsw
    80 0000007F 16                          push ss
    81 00000080 1F                          pop ds
    82 00000081 BB0002                      mov bx, PTR_CELL
    83 00000084 0E                          push cs
    84 00000085 17                          pop ss
    85 00000086 90                          nop
    86                                  
    87                                  phoenix_pointer_ready:
    88 00000087 8907                        mov [bx], ax
    89 00000089 C74702FC0F                  mov word [bx + 2], FAR_SEG
    90 0000008E 31F6                        xor si, si
    91 00000090 89C7                        mov di, ax
    92 00000092 B8FC0F                      mov ax, FAR_SEG
    93 00000095 8EC0                        mov es, ax
    94 00000097 8DA50002                    lea sp, [di + 00200h]
    95 0000009B B90800                      mov cx, 8
    96 0000009E BA0038                      mov dx, 03800h
    97 000000A1 BD003C                      mov bp, 03C00h
    98 000000A4 B8FF1F                      mov ax, 01FFFh
    99 000000A7 AB                          stosw
   100 000000A8 4F                          dec di
   101 000000A9 FF1F                        call far [bx]
   102                                  
   103                                  worker:
   104 000000AB A5                          movsw
   105 000000AC F3A5                        rep movsw
   106 000000AE 29D4                        sub sp, dx
   107 000000B0 292F                        sub [bx], bp
   108 000000B2 8B3F                        mov di, [bx]
   109 000000B4 B109                        mov cl, 9
   110 000000B6 31F6                        xor si, si
   111 000000B8 AB                          stosw
   112 000000B9 4F                          dec di
   113 000000BA FF1F                        call far [bx]
