     1                                  bits 16
     2                                  
     3                                  %define FAR_SEG  0FF8h
     4                                  %define PTR_CELL 0240h
     5                                  
     6                                  start:
     7 00000000 89C6                        mov si, ax
     8 00000002 B0A2                        mov al, 0A2h
     9 00000004 80C46D                      add ah, 6Dh
    10                                  
    11 00000007 83C640                      add si, worker - start
    12 0000000A 16                          push ss
    13 0000000B 07                          pop es
    14 0000000C 31FF                        xor di, di
    15 0000000E B90900                      mov cx, 9
    16 00000011 F3A5                        rep movsw
    17                                  
    18 00000013 16                          push ss
    19 00000014 1F                          pop ds
    20 00000015 0E                          push cs
    21 00000016 17                          pop ss
    22 00000017 BB4002                      mov bx, PTR_CELL
    23 0000001A 8907                        mov [bx], ax
    24 0000001C C74702F80F                  mov word [bx + 2], FAR_SEG
    25 00000021 31F6                        xor si, si
    26 00000023 89C7                        mov di, ax
    27 00000025 B8F80F                      mov ax, FAR_SEG
    28 00000028 8EC0                        mov es, ax
    29 0000002A 89FC                        mov sp, di
    30 0000002C 81C40005                    add sp, 0500h
    31 00000030 B90900                      mov cx, 9
    32 00000033 BA0034                      mov dx, 03400h
    33 00000036 BD003A                      mov bp, 03A00h
    34 00000039 B8FF1F                      mov ax, 01FFFh
    35 0000003C AB                          stosw
    36 0000003D 4F                          dec di
    37 0000003E FF1F                        call far [bx]
    38                                  
    39                                  worker:
    40 00000040 A5                          movsw
    41 00000041 F3A5                        rep movsw
    42 00000043 29D4                        sub sp, dx
    43 00000045 292F                        sub [bx], bp
    44 00000047 8B3F                        mov di, [bx]
    45 00000049 B109                        mov cl, 9
    46 0000004B 31F6                        xor si, si
    47 0000004D AB                          stosw
    48 0000004E 4F                          dec di
    49 0000004F FF1F                        call far [bx]
